"STATE","CITY","MONTH","TICKETS","VARIANCE"
"TX","DALLAS",1,42.0,41.0
"TX","DALLAS",2,32.2,30.200000000000003
"TX","DALLAS",3,34.2,31.200000000000003
"TX","HOUSTON",1,28.0,27.0
"TX","HOUSTON",,,0.0
"TX","HOUSTON",3,19.0,16.0
,,10,155.4,145.4
