
 Oracle SQL Developer
 Copyright (c) 2005, 2018, Oracle and/or its affiliates. All rights reserved.

UsersCache.fillIn() time = 4  ret==null?: true
UsersCache.fillIn() time = 15  ret==null?: true
UsersCache.fillIn() time = 5  ret==null?: true
UsersCache.fillIn() time = 3  ret==null?: true
ERROR StatusLogger No log4j2 configuration file found. Using default configuration: logging only errors to the console. Set system property 'log4j2.debug' to show Log4j2 internal initialization logging.

(nautilus:3760): GVFS-RemoteVolumeMonitor-WARNING **: 09:07:38.339: Owner of volume monitor org.gtk.vfs.UDisks2VolumeMonitor disconnected from the bus; removing drives/volumes/mounts

(nautilus:3760): GVFS-RemoteVolumeMonitor-WARNING **: 09:07:38.341: Owner of volume monitor org.gtk.vfs.MTPVolumeMonitor disconnected from the bus; removing drives/volumes/mounts

(nautilus:3760): GVFS-RemoteVolumeMonitor-WARNING **: 09:07:38.341: Owner of volume monitor org.gtk.vfs.GPhoto2VolumeMonitor disconnected from the bus; removing drives/volumes/mounts

(nautilus:3760): GVFS-RemoteVolumeMonitor-WARNING **: 09:07:38.341: Owner of volume monitor org.gtk.vfs.GoaVolumeMonitor disconnected from the bus; removing drives/volumes/mounts

(nautilus:3760): GVFS-RemoteVolumeMonitor-WARNING **: 09:07:38.341: Owner of volume monitor org.gtk.vfs.AfcVolumeMonitor disconnected from the bus; removing drives/volumes/mounts
Gdk-Message: 09:07:38.372: nautilus: Fatal IO error 0 (Success) on X server :0.


 Oracle SQL Developer
 Copyright (c) 2005, 2018, Oracle and/or its affiliates. All rights reserved.

