"STATE","CITY","MONTH","TICKETS"
"TX","DALLAS",42.0,27.0
"TX","HOUSTON",32.0
"TX","Quoted""Text",
