"STATE","CITY","MONTH","TICKETS"
"TX","DALLAS",1,42.0
"TX","DALLAS",2,32.2
"TX","DALLAS",3,34.2
