"STATE","CITY","MONTH","TICKETS"
"TX","DALLAS",1,42.0
"TX","DALLAS",2
"TX","HOUSTON"
"TX"
