"STATE","CITY","MONTH","TICKETS"
"TX","HOUSTON",1,28.0
"TX","HOUSTON"
"TX","HOUSTON",3,19.0
